// Jest Snapshot v1, https://goo.gl/fbAQLP

exports[`AppRootComponent matches snapshot 1`] = `
<Provider
  store={
    Object {
      "dispatch": [MockFunction],
      "getState": [MockFunction],
      "subscribe": [MockFunction],
    }
  }
>
  <Connect(ConnectedRouterWithContext)
    history={
      Object {
        "action": "POP",
        "block": [Function],
        "createHref": [Function],
        "go": [Function],
        "goBack": [Function],
        "goForward": [Function],
        "length": 1,
        "listen": [Function],
        "location": Object {
          "hash": "",
          "pathname": "/",
          "search": "",
          "state": undefined,
        },
        "push": [Function],
        "replace": [Function],
      }
    }
  >
    <Route
      render={[Function]}
    />
  </Connect(ConnectedRouterWithContext)>
</Provider>
`;
